// Jest Snapshot v1, https://goo.gl/fbAQLP

exports[`Info renders correctly 1`] = `
<div
  className="Info"
>
  <div
    className="icon"
  >
    <svg
      fill="currentColor"
      height="1em"
      preserveAspectRatio="xMidYMid meet"
      style={
        Object {
          "color": undefined,
          "verticalAlign": "middle",
        }
      }
      viewBox="0 0 40 40"
      width="1em"
    >
      <g>
        <path
          d="m21.6 15v-3.4h-3.2v3.4h3.2z m0 13.4v-10h-3.2v10h3.2z m-1.6-25c9.2 0 16.6 7.4 16.6 16.6s-7.4 16.6-16.6 16.6-16.6-7.4-16.6-16.6 7.4-16.6 16.6-16.6z"
        />
      </g>
    </svg>
  </div>
  <div
    className="message"
  />
</div>
`;
